champion: 20260918T202534Z-pers-06-04-02-02-nivq-02-050  capas: mezcla_persistencia, correccion_nivel
bloque 1/11  09-16 08:00 -> 09-16 10:00  congelado=82.56  gbm + perfil s=80.18  normalizado 3 =80.61  perfil=82.37
bloque 2/11  09-16 10:00 -> 09-16 12:00  congelado=81.59  gbm + perfil s=82.48  normalizado 3 =80.72  perfil=81.45
bloque 3/11  09-16 12:00 -> 09-16 14:00  congelado=87.60  gbm + perfil s=86.18  normalizado 3 =88.33  perfil=87.62
bloque 4/11  09-16 14:00 -> 09-16 16:00  congelado=84.43  gbm + perfil s=82.89  normalizado 3 =83.97  perfil=84.33
bloque 5/11  09-16 16:00 -> 09-16 18:00  congelado=86.16  gbm + perfil s=87.87  normalizado 3 =85.04  perfil=86.38
bloque 6/11  09-16 18:00 -> 09-16 20:00  congelado=85.51  gbm + perfil s=84.60  normalizado 3 =84.80  perfil=86.14
bloque 7/11  09-16 20:00 -> 09-16 22:00  congelado=86.90  gbm + perfil s=87.24  normalizado 3 =85.44  perfil=87.16
bloque 8/11  09-16 22:00 -> 09-17 00:00  congelado=87.46  gbm + perfil s=88.34  normalizado 3 =88.46  perfil=87.59
bloque 9/11  09-17 00:00 -> 09-17 02:00  congelado=88.39  gbm + perfil s=88.90  normalizado 3 =87.06  perfil=88.69
bloque 10/11  09-17 02:00 -> 09-17 04:00  congelado=85.69  gbm + perfil s=85.89  normalizado 3 =86.46  perfil=86.43
bloque 11/11  09-17 04:00 -> 09-17 04:30  congelado=nan  gbm + perfil s=nan  normalizado 3 =nan  perfil=nan

                                 continuación   todo  ciclos cont.
perfil · 14d                            85.93  85.93            20
perfil                                  85.63  85.63            20
congelado                               85.47  85.47            20
gbm + perfil (todo)                     85.20  85.20            20
gbm + perfil sin contexto               84.99  84.99            20
normalizado 24h                         84.80  84.80            20
normalizado 3 escalas · 14d             84.72  84.72            20
normalizado 3 escalas                   84.42  84.42            20
gbm + perfil sin contexto · 14d         84.10  84.10            20

continuación por estación:
            congelado  perfil · 14d  delta
station_id                                
02300            82.0          82.1    0.1
03000            82.5          81.4   -1.1
05000            73.8          75.4    1.6
05100            77.8          76.2   -1.6
06000            89.0          90.0    1.0
06111            88.9          89.1    0.2
07105            91.7          92.6    0.9
07107            86.0          88.5    2.5
07111            86.1          87.2    1.1
09000            91.6          90.6   -1.0
09122            84.6          87.9    3.3
10009            91.8          90.2   -1.6

perfil · 14d gana en 12 de 20 ciclos de la continuación

detalle -> /home/isaias/code/proyecto1/ml/resultados/experimento_reentreno.json
